This is pdfTeX, Version 3.141592653-2.6-1.40.29 (TeX Live 2026) (preloaded format=pdflatex 2026.3.28)  6 OCT 2026 15:20
entering extended mode
 restricted \write18 enabled.
 %&-line parsing enabled.
**distributed-systems-final-report.tex
(./distributed-systems-final-report.tex
LaTeX2e <2025-11-01>
L3 programming layer <2026-01-19>
(/usr/local/texlive/2026/texmf-dist/tex/latex/koma-script/scrartcl.cls
Document Class: scrartcl 2026/02/02 v3.49.2 KOMA-Script document class (article
)
(/usr/local/texlive/2026/texmf-dist/tex/latex/koma-script/scrkbase.sty
Package: scrkbase 2026/02/02 v3.49.2 KOMA-Script package (KOMA-Script-dependent
 basics and keyval usage)

(/usr/local/texlive/2026/texmf-dist/tex/latex/koma-script/scrbase.sty
Package: scrbase 2026/02/02 v3.49.2 KOMA-Script package (KOMA-Script-independen
t basics and keyval usage)

(/usr/local/texlive/2026/texmf-dist/tex/latex/koma-script/scrlfile.sty
Package: scrlfile 2026/02/02 v3.49.2 KOMA-Script package (file load hooks)

(/usr/local/texlive/2026/texmf-dist/tex/latex/koma-script/scrlfile-hook.sty
Package: scrlfile-hook 2026/02/02 v3.49.2 KOMA-Script package (using LaTeX hook
s)

(/usr/local/texlive/2026/texmf-dist/tex/latex/koma-script/scrlogo.sty
Package: scrlogo 2026/02/02 v3.49.2 KOMA-Script package (logo)
)))
(/usr/local/texlive/2026/texmf-dist/tex/latex/graphics/keyval.sty
Package: keyval 2022/05/29 v1.15 key=value parser (DPC)
\KV@toks@=\toks17
)
Applying: [2021/05/01] Usage of raw or classic option list on input line 254.
Already applied: [0000/00/00] Usage of raw or classic option list on input line
 370.
))
(/usr/local/texlive/2026/texmf-dist/tex/latex/koma-script/tocbasic.sty
Package: tocbasic 2026/02/02 v3.49.2 KOMA-Script package (handling toc-files)
\scr@dte@tocline@numberwidth=\skip49
\scr@dte@tocline@numbox=\box53
)
Package tocbasic Info: omitting babel extension for `toc'
(tocbasic)             because of feature `nobabel' available
(tocbasic)             for `toc' on input line 141.
Class scrartcl Info: File `scrsize11pt.clo' used instead of
(scrartcl)           file `scrsize11.clo' to setup font sizes on input line 248
9.

(/usr/local/texlive/2026/texmf-dist/tex/latex/koma-script/scrsize11pt.clo
File: scrsize11pt.clo 2026/02/02 v3.49.2 KOMA-Script font size class option (11
pt)
)
(/usr/local/texlive/2026/texmf-dist/tex/latex/koma-script/typearea.sty
Package: typearea 2026/02/02 v3.49.2 KOMA-Script package (type area)
\ta@bcor=\skip50
\ta@div=\count275
\ta@hblk=\skip51
\ta@vblk=\skip52
\ta@temp=\skip53
\footheight=\skip54
Package typearea Info: These are the values describing the layout:
(typearea)             DIV  = 10
(typearea)             BCOR = 0.0pt
(typearea)             \paperwidth      = 597.50793pt
(typearea)              \textwidth      = 418.25555pt
(typearea)              DIV departure   = -6%
(typearea)              \evensidemargin = 17.3562pt
(typearea)              \oddsidemargin  = 17.3562pt
(typearea)             \paperheight     = 845.04694pt
(typearea)              \textheight     = 595.80026pt
(typearea)              \topmargin      = -25.16531pt
(typearea)              \headheight     = 17.0pt
(typearea)              \headsep        = 20.40001pt
(typearea)              \topskip        = 11.0pt
(typearea)              \footskip       = 47.6pt
(typearea)              \baselineskip   = 13.6pt
(typearea)              on input line 1810.
)
\c@part=\count276
\c@section=\count277
\c@subsection=\count278
\c@subsubsection=\count279
\c@paragraph=\count280
\c@subparagraph=\count281
\scr@dte@section@maxnumwidth=\skip55
Class scrartcl Info: using compatibility default `runin=bysign'
(scrartcl)           for `\section on input line 5015.
Class scrartcl Info: using compatibility default `afterindent=bysign'
(scrartcl)           for `\section on input line 5015.
\scr@dte@part@maxnumwidth=\skip56
Class scrartcl Info: using compatibility default `afterindent=false'
(scrartcl)           for `\part on input line 5023.
\scr@dte@subsection@maxnumwidth=\skip57
Class scrartcl Info: using compatibility default `runin=bysign'
(scrartcl)           for `\subsection on input line 5033.
Class scrartcl Info: using compatibility default `afterindent=bysign'
(scrartcl)           for `\subsection on input line 5033.
\scr@dte@subsubsection@maxnumwidth=\skip58
Class scrartcl Info: using compatibility default `runin=bysign'
(scrartcl)           for `\subsubsection on input line 5043.
Class scrartcl Info: using compatibility default `afterindent=bysign'
(scrartcl)           for `\subsubsection on input line 5043.
\scr@dte@paragraph@maxnumwidth=\skip59
Class scrartcl Info: using compatibility default `runin=bysign'
(scrartcl)           for `\paragraph on input line 5054.
Class scrartcl Info: using compatibility default `afterindent=bysign'
(scrartcl)           for `\paragraph on input line 5054.
\scr@dte@subparagraph@maxnumwidth=\skip60
Class scrartcl Info: using compatibility default `runin=bysign'
(scrartcl)           for `\subparagraph on input line 5064.
Class scrartcl Info: using compatibility default `afterindent=bysign'
(scrartcl)           for `\subparagraph on input line 5064.
\abovecaptionskip=\skip61
\belowcaptionskip=\skip62
\c@pti@nb@sid@b@x=\box54
Package tocbasic Info: omitting babel extension for `lof'
(tocbasic)             because of feature `nobabel' available
(tocbasic)             for `lof' on input line 6287.
\scr@dte@figure@maxnumwidth=\skip63
\c@figure=\count282
Package tocbasic Info: omitting babel extension for `lot'
(tocbasic)             because of feature `nobabel' available
(tocbasic)             for `lot' on input line 6299.
\scr@dte@table@maxnumwidth=\skip64
\c@table=\count283
Class scrartcl Info: Redefining `\numberline' on input line 6469.
\bibindent=\dimen148
)
(/usr/local/texlive/2026/texmf-dist/tex/latex/base/inputenc.sty
Package: inputenc 2024/02/08 v1.3d Input encoding file
\inpenc@prehook=\toks18
\inpenc@posthook=\toks19
)
(/usr/local/texlive/2026/texmf-dist/tex/latex/hyperref/hyperref.sty
Package: hyperref 2026-01-29 v7.01p Hypertext links for LaTeX

(/usr/local/texlive/2026/texmf-dist/tex/generic/iftex/iftex.sty
Package: iftex 2024/12/12 v1.0g TeX engine tests
)
(/usr/local/texlive/2026/texmf-dist/tex/latex/kvsetkeys/kvsetkeys.sty
Package: kvsetkeys 2022-10-05 v1.19 Key value parser (HO)
)
(/usr/local/texlive/2026/texmf-dist/tex/generic/kvdefinekeys/kvdefinekeys.sty
Package: kvdefinekeys 2019-12-19 v1.6 Define keys (HO)
)
(/usr/local/texlive/2026/texmf-dist/tex/generic/pdfescape/pdfescape.sty
Package: pdfescape 2019/12/09 v1.15 Implements pdfTeX's escape features (HO)

(/usr/local/texlive/2026/texmf-dist/tex/generic/ltxcmds/ltxcmds.sty
Package: ltxcmds 2023-12-04 v1.26 LaTeX kernel commands for general use (HO)
)
(/usr/local/texlive/2026/texmf-dist/tex/generic/pdftexcmds/pdftexcmds.sty
Package: pdftexcmds 2020-06-27 v0.33 Utility functions of pdfTeX for LuaTeX (HO
)

(/usr/local/texlive/2026/texmf-dist/tex/generic/infwarerr/infwarerr.sty
Package: infwarerr 2019/12/03 v1.5 Providing info/warning/error messages (HO)
)
Package pdftexcmds Info: \pdf@primitive is available.
Package pdftexcmds Info: \pdf@ifprimitive is available.
Package pdftexcmds Info: \pdfdraftmode found.
))
(/usr/local/texlive/2026/texmf-dist/tex/latex/hycolor/hycolor.sty
Package: hycolor 2020-01-27 v1.10 Color options for hyperref/bookmark (HO)
)
(/usr/local/texlive/2026/texmf-dist/tex/latex/hyperref/nameref.sty
Package: nameref 2026-01-29 v2.58 Cross-referencing by name of section

(/usr/local/texlive/2026/texmf-dist/tex/latex/refcount/refcount.sty
Package: refcount 2019/12/15 v3.6 Data extraction from label references (HO)
)
(/usr/local/texlive/2026/texmf-dist/tex/generic/gettitlestring/gettitlestring.s
ty
Package: gettitlestring 2019/12/15 v1.6 Cleanup title references (HO)
 (/usr/local/texlive/2026/texmf-dist/tex/latex/kvoptions/kvoptions.sty
Package: kvoptions 2022-06-15 v3.15 Key value format for package options (HO)
))
\c@section@level=\count284
)
(/usr/local/texlive/2026/texmf-dist/tex/latex/etoolbox/etoolbox.sty
Package: etoolbox 2025/10/02 v2.5m e-TeX tools for LaTeX (JAW)
\etb@tempcnta=\count285
)
(/usr/local/texlive/2026/texmf-dist/tex/generic/stringenc/stringenc.sty
Package: stringenc 2019/11/29 v1.12 Convert strings between diff. encodings (HO
)
)
\@linkdim=\dimen149
\Hy@linkcounter=\count286
\Hy@pagecounter=\count287

(/usr/local/texlive/2026/texmf-dist/tex/latex/hyperref/pd1enc.def
File: pd1enc.def 2026-01-29 v7.01p Hyperref: PDFDocEncoding definition (HO)
Now handling font encoding PD1 ...
... no UTF-8 mapping file for font encoding PD1
)
(/usr/local/texlive/2026/texmf-dist/tex/generic/intcalc/intcalc.sty
Package: intcalc 2019/12/15 v1.3 Expandable calculations with integers (HO)
)
\Hy@SavedSpaceFactor=\count288

(/usr/local/texlive/2026/texmf-dist/tex/latex/hyperref/puenc.def
File: puenc.def 2026-01-29 v7.01p Hyperref: PDF Unicode definition (HO)
Now handling font encoding PU ...
... no UTF-8 mapping file for font encoding PU
)
Package hyperref Info: Hyper figures OFF on input line 4201.
Package hyperref Info: Link nesting OFF on input line 4206.
Package hyperref Info: Hyper index ON on input line 4209.
Package hyperref Info: Plain pages OFF on input line 4216.
Package hyperref Info: Backreferencing OFF on input line 4221.
Package hyperref Info: Implicit mode ON; LaTeX internals redefined.
Package hyperref Info: Bookmarks ON on input line 4468.
\c@Hy@tempcnt=\count289

(/usr/local/texlive/2026/texmf-dist/tex/latex/url/url.sty
\Urlmuskip=\muskip17
Package: url 2013/09/16  ver 3.4  Verb mode for urls, etc.
)
LaTeX Info: Redefining \url on input line 4807.
\XeTeXLinkMargin=\dimen150

(/usr/local/texlive/2026/texmf-dist/tex/generic/bitset/bitset.sty
Package: bitset 2019/12/09 v1.3 Handle bit-vector datatype (HO)

(/usr/local/texlive/2026/texmf-dist/tex/generic/bigintcalc/bigintcalc.sty
Package: bigintcalc 2019/12/15 v1.5 Expandable calculations on big integers (HO
)
))
\Fld@menulength=\count290
\Field@Width=\dimen151
\Fld@charsize=\dimen152
Package hyperref Info: Hyper figures OFF on input line 6084.
Package hyperref Info: Link nesting OFF on input line 6089.
Package hyperref Info: Hyper index ON on input line 6092.
Package hyperref Info: backreferencing OFF on input line 6099.
Package hyperref Info: Link coloring OFF on input line 6104.
Package hyperref Info: Link coloring with OCG OFF on input line 6109.
Package hyperref Info: PDF/A mode OFF on input line 6114.
\Hy@abspage=\count291
\c@Item=\count292
\c@Hfootnote=\count293
)
Package hyperref Info: Driver (autodetected): hpdftex.

(/usr/local/texlive/2026/texmf-dist/tex/latex/hyperref/hpdftex.def
File: hpdftex.def 2026-01-29 v7.01p Hyperref driver for pdfTeX
\Fld@listcount=\count294
\c@bookmark@seq@number=\count295

(/usr/local/texlive/2026/texmf-dist/tex/latex/rerunfilecheck/rerunfilecheck.sty
Package: rerunfilecheck 2025-06-21 v1.11 Rerun checks for auxiliary files (HO)

(/usr/local/texlive/2026/texmf-dist/tex/generic/uniquecounter/uniquecounter.sty
Package: uniquecounter 2019/12/15 v1.4 Provide unlimited unique counter (HO)
)
Package uniquecounter Info: New unique counter `rerunfilecheck' on input line 2
84.
)
\Hy@SectionHShift=\skip65
) (/usr/local/texlive/2026/texmf-dist/tex/latex/natbib/natbib.sty
Package: natbib 2010/09/13 8.31b (PWD, AO)
\bibhang=\skip66
\bibsep=\skip67
LaTeX Info: Redefining \cite on input line 694.
\c@NAT@ctr=\count296
)
(/usr/local/texlive/2026/texmf-dist/tex/latex/graphics/graphicx.sty
Package: graphicx 2024/12/31 v1.2e Enhanced LaTeX Graphics (DPC,SPQR)

(/usr/local/texlive/2026/texmf-dist/tex/latex/graphics/graphics.sty
Package: graphics 2024/08/06 v1.4g Standard LaTeX Graphics (DPC,SPQR)

(/usr/local/texlive/2026/texmf-dist/tex/latex/graphics/trig.sty
Package: trig 2023/12/02 v1.11 sin cos tan (DPC)
)
(/usr/local/texlive/2026/texmf-dist/tex/latex/graphics-cfg/graphics.cfg
File: graphics.cfg 2016/06/04 v1.11 sample graphics configuration
)
Package graphics Info: Driver file: pdftex.def on input line 106.

(/usr/local/texlive/2026/texmf-dist/tex/latex/graphics-def/pdftex.def
File: pdftex.def 2025/09/29 v1.2d Graphics/color driver for pdftex
))
\Gin@req@height=\dimen153
\Gin@req@width=\dimen154
)
(/usr/local/texlive/2026/texmf-dist/tex/latex/cleveref/cleveref.sty
Package: cleveref 2018/03/27 v0.21.4 Intelligent cross-referencing
Package cleveref Info: `hyperref' support loaded on input line 2370.
LaTeX Info: Redefining \cref on input line 2370.
LaTeX Info: Redefining \Cref on input line 2370.
LaTeX Info: Redefining \crefrange on input line 2370.
LaTeX Info: Redefining \Crefrange on input line 2370.
LaTeX Info: Redefining \cpageref on input line 2370.
LaTeX Info: Redefining \Cpageref on input line 2370.
LaTeX Info: Redefining \cpagerefrange on input line 2370.
LaTeX Info: Redefining \Cpagerefrange on input line 2370.
LaTeX Info: Redefining \labelcref on input line 2370.
LaTeX Info: Redefining \labelcpageref on input line 2370.
)
==> First Aid for cleveref.sty applied!
Class scrartcl Info: loading recommended package `bookmark'.
(scrartcl)           Using `bookmark' together with `hyperref' is recommended,
(scrartcl)           because of handling of possible bookmark level gaps.
(scrartcl)           You can avoid loading `bookmark' with KOMA-Script option
(scrartcl)           `bookmarkpackage=false' before \begin{document} and
(scrartcl)           you can avoid this message adding:
(scrartcl)             \usepackage{bookmark}
(scrartcl)           before \begin{document} on input line 22.
(/usr/local/texlive/2026/texmf-dist/tex/latex/bookmark/bookmark.sty
Package: bookmark 2023-12-10 v1.31 PDF bookmarks (HO)

(/usr/local/texlive/2026/texmf-dist/tex/latex/bookmark/bkm-pdftex.def
File: bkm-pdftex.def 2023-12-10 v1.31 bookmark driver for pdfTeX and luaTeX (HO
)
\BKM@id=\count297
))
(/usr/local/texlive/2026/texmf-dist/tex/latex/l3backend/l3backend-pdftex.def
File: l3backend-pdftex.def 2025-10-09 L3 backend support: PDF output (pdfTeX)
\l__color_backend_stack_int=\count298
)
(./distributed-systems-final-report.aux)
\openout1 = `distributed-systems-final-report.aux'.

LaTeX Font Info:    Checking defaults for OML/cmm/m/it on input line 22.
LaTeX Font Info:    ... okay on input line 22.
LaTeX Font Info:    Checking defaults for OMS/cmsy/m/n on input line 22.
LaTeX Font Info:    ... okay on input line 22.
LaTeX Font Info:    Checking defaults for OT1/cmr/m/n on input line 22.
LaTeX Font Info:    ... okay on input line 22.
LaTeX Font Info:    Checking defaults for T1/cmr/m/n on input line 22.
LaTeX Font Info:    ... okay on input line 22.
LaTeX Font Info:    Checking defaults for TS1/cmr/m/n on input line 22.
LaTeX Font Info:    ... okay on input line 22.
LaTeX Font Info:    Checking defaults for OMX/cmex/m/n on input line 22.
LaTeX Font Info:    ... okay on input line 22.
LaTeX Font Info:    Checking defaults for U/cmr/m/n on input line 22.
LaTeX Font Info:    ... okay on input line 22.
LaTeX Font Info:    Checking defaults for PD1/pdf/m/n on input line 22.
LaTeX Font Info:    ... okay on input line 22.
LaTeX Font Info:    Checking defaults for PU/pdf/m/n on input line 22.
LaTeX Font Info:    ... okay on input line 22.
Package scrbase Info: activating english \abstractname on input line 22.
Package scrbase Info: activating english \partname on input line 22.
Package scrbase Info: activating english \figurename on input line 22.
Package scrbase Info: activating english \tablename on input line 22.
Package scrbase Info: activating english \contentsname on input line 22.
Package scrbase Info: activating english \listfigurename on input line 22.
Package scrbase Info: activating english \listtablename on input line 22.
Package scrbase Info: activating english \refname on input line 22.
Package scrbase Info: activating english \indexname on input line 22.
Package hyperref Info: Link coloring OFF on input line 22.

(/usr/local/texlive/2026/texmf-dist/tex/context/base/mkii/supp-pdf.mkii
[Loading MPS to PDF converter (version 2006.09.02).]
\scratchcounter=\count299
\scratchdimen=\dimen155
\scratchbox=\box55
\nofMPsegments=\count300
\nofMParguments=\count301
\everyMPshowfont=\toks20
\MPscratchCnt=\count302
\MPscratchDim=\dimen156
\MPnumerator=\count303
\makeMPintoPDFobject=\count304
\everyMPtoPDFconversion=\toks21
) (/usr/local/texlive/2026/texmf-dist/tex/latex/epstopdf-pkg/epstopdf-base.sty
Package: epstopdf-base 2020-01-24 v2.11 Base part for package epstopdf
Package epstopdf-base Info: Redefining graphics rule for `.eps' on input line 4
85.

(/usr/local/texlive/2026/texmf-dist/tex/latex/latexconfig/epstopdf-sys.cfg
File: epstopdf-sys.cfg 2010/07/13 v1.3 Configuration of (r)epstopdf for TeX Liv
e
))
LaTeX Font Info:    External font `cmex10' loaded for size
(Font)              <14.4> on input line 25.
LaTeX Font Info:    External font `cmex10' loaded for size
(Font)              <7> on input line 25.

[1


{/usr/local/texlive/2026/texmf-var/fonts/map/pdftex/updmap/pdftex.map}]
[2{/usr/local/texlive/2026/texmf-dist/fonts/enc/dvips/cm-super/cm-super-ts1.enc
}]
Overfull \hbox (1.72305pt too wide) in paragraph at lines 104--106
[]\OT1/cmr/bx/n/10.95 Board ac-cess. \OT1/cmr/m/n/10.95 An op-er-a-tor can join
 the board by reg-is-ter-ing a user-name/password
 []

[3]
LaTeX Font Info:    External font `cmex10' loaded for size
(Font)              <10.95> on input line 123.
LaTeX Font Info:    External font `cmex10' loaded for size
(Font)              <8> on input line 123.
LaTeX Font Info:    External font `cmex10' loaded for size
(Font)              <6> on input line 123.
 [4] [5] [6] [7] [8] [9]
Overfull \hbox (36.8351pt too wide) in paragraph at lines 250--251
\OT1/cmtt/m/n/10.95 HorizontalPodAutoscaler \OT1/cmr/m/n/10.95 on CPU uti-liza-
tion, and pro-tected by a \OT1/cmtt/m/n/10.95 PodDisruptionBudget
 []

<figures/architettura.pdf, id=87, 491.76123pt x 408.73302pt>
File: figures/architettura.pdf Graphic file (type pdf)
<use figures/architettura.pdf>
Package pdftex.def Info: figures/architettura.pdf  used on input line 260.
(pdftex.def)             Requested size: 418.25555pt x 347.64297pt.
[10] [11 <./figures/architettura.pdf>]
Overfull \hbox (19.1038pt too wide) in paragraph at lines 275--276
\OT1/cmr/m/n/10.95 the shared stores --- Re-dis (adapter chan-nels, \OT1/cmtt/m
/n/10.95 io.fetchSockets()\OT1/cmr/m/n/10.95 , the \OT1/cmtt/m/n/10.95 lock:inc
ident:<id>
 []


Overfull \hbox (41.34006pt too wide) in paragraph at lines 279--280
 \OT1/cmss/bx/n/10.95 Do-main en-ti-ties.[] \OT1/cmr/m/n/10.95 The core en-tity
 is the \OT1/cmr/bx/n/10.95 In-ci-dent \OT1/cmr/m/n/10.95 (\OT1/cmtt/m/n/10.95 
title\OT1/cmr/m/n/10.95 , \OT1/cmtt/m/n/10.95 status $\OMS/cmsy/m/n/10.95 2 f[]
\OML/cmm/m/it/10.95 ; []; []\OMS/cmsy/m/n/10.95 g$\OT1/cmr/m/n/10.95 ,
 []

<figures/diagramma-classi.pdf, id=159, 455.94339pt x 347.94191pt>
File: figures/diagramma-classi.pdf Graphic file (type pdf)
<use figures/diagramma-classi.pdf>
Package pdftex.def Info: figures/diagramma-classi.pdf  used on input line 284.
(pdftex.def)             Requested size: 418.25555pt x 319.18134pt.

Overfull \hbox (46.09091pt too wide) in paragraph at lines 297--298
 \OT1/cmss/bx/n/10.95 Do-main events.[] \OT1/cmtt/m/n/10.95 IncidentCreated\OT1
/cmr/m/n/10.95 , \OT1/cmtt/m/n/10.95 IncidentClaimed\OT1/cmr/m/n/10.95 , \OT1/c
mtt/m/n/10.95 IncidentReleased\OT1/cmr/m/n/10.95 , \OT1/cmtt/m/n/10.95 Incident
Resolved\OT1/cmr/m/n/10.95 ,
 []

[12] [13 <./figures/diagramma-classi.pdf>]
Overfull \hbox (21.91841pt too wide) in paragraph at lines 301--302
[]\OT1/cmr/bx/n/10.95 commands \OT1/cmr/m/n/10.95 (client $\OMS/cmsy/m/n/10.95 
!$ \OT1/cmr/m/n/10.95 server, over REST: \OT1/cmtt/m/n/10.95 POST /incidents\OT
1/cmr/m/n/10.95 , \OT1/cmtt/m/n/10.95 POST\OT1/cmr/m/n/10.95 /\OT1/cmtt/m/n/10.
95 DELETE .../claim\OT1/cmr/m/n/10.95 ,
 []


Overfull \hbox (79.49634pt too wide) in paragraph at lines 302--303
[]\OT1/cmr/bx/n/10.95 events \OT1/cmr/m/n/10.95 (server $\OMS/cmsy/m/n/10.95 !$
 \OT1/cmr/m/n/10.95 client, over Socket.IO: \OT1/cmtt/m/n/10.95 incident[]updat
e\OT1/cmr/m/n/10.95 , \OT1/cmtt/m/n/10.95 incident[]locked\OT1/cmr/m/n/10.95 /\
OT1/cmtt/m/n/10.95 incident[]unlocked\OT1/cmr/m/n/10.95 ,
 []

[14]
<figures/diagrammi-sequenza.pdf, id=212, page=1, 472.00241pt x 381.51534pt>
File: figures/diagrammi-sequenza.pdf Graphic file (type pdf)
<use figures/diagrammi-sequenza.pdf, page 1>
Package pdftex.def Info: figures/diagrammi-sequenza.pdf , page1 used on input l
ine 330.
(pdftex.def)             Requested size: 418.25555pt x 338.06892pt.
<figures/diagrammi-sequenza.pdf, id=213, page=2, 472.00241pt x 380.09201pt>
File: figures/diagrammi-sequenza.pdf Graphic file (type pdf)
<use figures/diagrammi-sequenza.pdf, page 2>
Package pdftex.def Info: figures/diagrammi-sequenza.pdf , page2 used on input l
ine 338.
(pdftex.def)             Requested size: 418.25555pt x 336.8077pt.
<figures/diagrammi-sequenza.pdf, id=214, page=3, 472.00241pt x 381.51534pt>
File: figures/diagrammi-sequenza.pdf Graphic file (type pdf)
<use figures/diagrammi-sequenza.pdf, page 3>
Package pdftex.def Info: figures/diagrammi-sequenza.pdf , page3 used on input l
ine 346.
(pdftex.def)             Requested size: 418.25555pt x 338.06892pt.
<figures/diagrammi-sequenza.pdf, id=215, page=4, 472.00241pt x 259.58179pt>
File: figures/diagrammi-sequenza.pdf Graphic file (type pdf)
<use figures/diagrammi-sequenza.pdf, page 4>
Package pdftex.def Info: figures/diagrammi-sequenza.pdf , page4 used on input l
ine 354.
(pdftex.def)             Requested size: 418.25555pt x 230.02098pt.
LaTeX Font Info:    Font shape `OT1/cmtt/bx/n' in size <10.95> not available
(Font)              Font shape `OT1/cmtt/m/n' tried instead on input line 363.

Overfull \hbox (5.33644pt too wide) in paragraph at lines 363--364
\OT1/cmr/m/n/10.95 re-com-pute the pres-ence list with \OT1/cmtt/m/n/10.95 io.f
etchSockets()\OT1/cmr/m/n/10.95 ; events from their own Change
 []

[15] [16 <./figures/diagrammi-sequenza.pdf>] [17 <./figures/diagrammi-sequenza.
pdf>] [18 <./figures/diagrammi-sequenza.pdf>]
<figures/diagrammi-stato.pdf, id=269, page=1, 445.06375pt x 199.16107pt>
File: figures/diagrammi-stato.pdf Graphic file (type pdf)
<use figures/diagrammi-stato.pdf, page 1>
Package pdftex.def Info: figures/diagrammi-stato.pdf , page1 used on input line
 374.
(pdftex.def)             Requested size: 418.25555pt x 187.1628pt.
<figures/diagrammi-stato.pdf, id=270, page=2, 415.94798pt x 213.9754pt>
File: figures/diagrammi-stato.pdf Graphic file (type pdf)
<use figures/diagrammi-stato.pdf, page 2>
Package pdftex.def Info: figures/diagrammi-stato.pdf , page2 used on input line
 382.
(pdftex.def)             Requested size: 418.25555pt x 215.1666pt.
<figures/diagrammi-stato.pdf, id=271, page=3, 430.05768pt x 116.39084pt>
File: figures/diagrammi-stato.pdf Graphic file (type pdf)
<use figures/diagrammi-stato.pdf, page 3>
Package pdftex.def Info: figures/diagrammi-stato.pdf , page3 used on input line
 390.
(pdftex.def)             Requested size: 418.25555pt x 113.20265pt.
<figures/diagrammi-stato.pdf, id=272, page=4, 474.89922pt x 164.45038pt>
File: figures/diagrammi-stato.pdf Graphic file (type pdf)
<use figures/diagrammi-stato.pdf, page 4>
Package pdftex.def Info: figures/diagrammi-stato.pdf , page4 used on input line
 398.
(pdftex.def)             Requested size: 418.25555pt x 144.84222pt.

Overfull \hbox (7.61702pt too wide) in paragraph at lines 404--405
 \OT1/cmss/bx/n/10.95 Dis-con-nec-tion and cleanup.[] \OT1/cmr/m/n/10.95 A clie
nt leaves vol-un-tar-ily (lo-gout closes its socket), through
 []

[19 <./figures/diagrammi-sequenza.pdf>] [20 <./figures/diagrammi-stato.pdf> <./
figures/diagrammi-stato.pdf>] [21 <./figures/diagrammi-stato.pdf> <./figures/di
agrammi-stato.pdf>] [22]
Overfull \hbox (35.15588pt too wide) in paragraph at lines 426--427
[]\OT1/cmr/bx/n/10.95 Client re-tries. \OT1/cmr/m/n/10.95 The Socket.IO client 
re-con-nects au-to-mat-i-cally, and the resynchronization-
 []

[23] [24] [25]
Overfull \hbox (4.92307pt too wide) in paragraph at lines 469--470
[]\OT1/cmr/bx/n/10.95 Frontend: \OT1/cmr/m/n/10.95 a single-page ap-pli-ca-tion
 in Vue 3 (Com-po-si-tion API, \OT1/cmtt/m/n/10.95 <script setup>\OT1/cmr/m/n/1
0.95 ),
 []

[26]
Overfull \hbox (3.22739pt too wide) in paragraph at lines 493--494
\OT1/cmr/m/n/10.95 HTTP was cho-sen be-cause ev-ery mu-ta-tion re-quires an un-
am-bigu-ous, syn-chronous success-
 []

[27]
Overfull \hbox (26.8931pt too wide) in paragraph at lines 501--502
[]\OT1/cmtt/m/n/10.95 resync[]required \OT1/cmr/m/n/10.95 --- asks the pod's ow
n clients to re-hydrate from \OT1/cmtt/m/n/10.95 GET /api/incidents\OT1/cmr/m/n
/10.95 ,
 []


Overfull \hbox (77.92068pt too wide) in paragraph at lines 508--509
\OT1/cmr/m/n/10.95 npm driver (v7). The con-nec-tion string enu-mer-ates all th
ree replica-set mem-bers (\OT1/cmtt/m/n/10.95 mongo-0.mongo:27017\OT1/cmr/m/n/1
0.95 ,
 []

LaTeX Font Info:    Trying to load font information for OMS+cmtt on input line 
515.
LaTeX Font Info:    No file OMScmtt.fd. on input line 515.

LaTeX Font Warning: Font shape `OMS/cmtt/m/n' undefined
(Font)              using `OMS/cmsy/m/n' instead
(Font)              for symbol `textbraceleft' on input line 515.


Overfull \hbox (1.74922pt too wide) in paragraph at lines 515--516
[]\OT1/cmr/bx/n/10.95 REST API: \OT1/cmr/m/n/10.95 both re-quest bod-ies (e.g.,
 \OMS/cmtt/m/n/10.95 f\OT1/cmtt/m/n/10.95 "title": "...", "status": "open",
 []


Overfull \hbox (20.70775pt too wide) in paragraph at lines 516--517
[]\OT1/cmr/bx/n/10.95 Socket.IO events: \OT1/cmr/m/n/10.95 each emit-ted event 
car-ries a JSON pay-load. For \OT1/cmtt/m/n/10.95 incident[]update\OT1/cmr/m/n/
10.95 ,
 []


Overfull \hbox (5.99817pt too wide) in paragraph at lines 516--517
\OT1/cmtt/m/n/10.95 incident[]locked \OT1/cmr/m/n/10.95 the pay-load is \OMS/cm
tt/m/n/10.95 f\OT1/cmtt/m/n/10.95 id, lockedBy, ttl\OMS/cmtt/m/n/10.95 g \OT1/c
mr/m/n/10.95 and for \OT1/cmtt/m/n/10.95 incident[]unlocked
 []

[28]
Overfull \hbox (9.30902pt too wide) in paragraph at lines 528--529
[]\OT1/cmtt/m/n/10.95 insertOne \OT1/cmr/m/n/10.95 cre-ates an in-ci-dent with 
\OT1/cmtt/m/n/10.95 status: 'open'\OT1/cmr/m/n/10.95 , \OT1/cmtt/m/n/10.95 vers
ion: 1 \OT1/cmr/m/n/10.95 and \OT1/cmtt/m/n/10.95 updatedAt\OT1/cmr/m/n/10.95 ,

 []


Overfull \hbox (19.86635pt too wide) in paragraph at lines 529--530
[]\OT1/cmtt/m/n/10.95 updateOne(\OMS/cmtt/m/n/10.95 f[]\OT1/cmtt/m/n/10.95 id, 
version, status: \OMS/cmtt/m/n/10.95 f\TS1/cmtt/m/n/10.95 $\OT1/cmtt/m/n/10.95 
in: allowed sources\OMS/cmtt/m/n/10.95 gg\OT1/cmtt/m/n/10.95 , \OMS/cmtt/m/n/10
.95 f\TS1/cmtt/m/n/10.95 $\OT1/cmtt/m/n/10.95 set: ...,
 []

[29] [30] [31]
Overfull \hbox (5.1889pt too wide) in paragraph at lines 595--596
[]\OT1/cmr/m/n/10.95 A \OT1/cmr/bx/n/10.95 Pod-Dis-rup-tion-Bud-get \OT1/cmr/m/
n/10.95 (\OT1/cmtt/m/n/10.95 minAvailable: 2\OT1/cmr/m/n/10.95 ) that pre-vents
 vol-un-tary evic-
 []


Overfull \hbox (10.64398pt too wide) in paragraph at lines 602--604
[]\OT1/cmr/bx/n/10.95 Ingress \OT1/cmr/m/n/10.95 (\OT1/cmtt/m/n/10.95 ingress.y
aml\OT1/cmr/m/n/10.95 ): an Ng-inx Ingress re-source con-fig-ured for host \OT1
/cmtt/m/n/10.95 board.local
 []


Overfull \hbox (92.37756pt too wide) in paragraph at lines 610--611
\OT1/cmr/m/n/10.95 Cookie-based sticky ses-sions are en-abled via an-no-ta-tion
s (\OT1/cmtt/m/n/10.95 nginx.ingress.kubernetes.io/affinity:
 []

[32]
Overfull \hbox (10.02394pt too wide) in paragraph at lines 642--643
[]\OT1/cmr/bx/n/10.95 Expected: \OT1/cmr/m/n/10.95 ex-actly one claim an-swers 
\OT1/cmtt/m/n/10.95 200 \OT1/cmr/m/n/10.95 (\OMS/cmtt/m/n/10.95 f\OT1/cmtt/m/n/
10.95 "success":true, "lockedBy":"...",
 []

[33] [34]
Overfull \hbox (1.24765pt too wide) in paragraph at lines 682--683
\OT1/cmtt/m/n/10.95 delete pod <pod> -n app --force --grace-period=0\OT1/cmr/m/
n/10.95 ), so that no \OT1/cmtt/m/n/10.95 disconnect
 []

[35]
Overfull \hbox (26.28038pt too wide) in paragraph at lines 699--700
[]\OT1/cmr/bx/n/10.95 Procedure: \OT1/cmr/m/n/10.95 find the Mon-goDB pri-mary 
(\OT1/cmtt/m/n/10.95 kubectl exec mongo-0 -n app -- mongosh
 []


Overfull \hbox (19.86327pt too wide) in paragraph at lines 699--700
\OT1/cmtt/m/n/10.95 --quiet --eval "rs.isMaster().primary"\OT1/cmr/m/n/10.95 ),
 delete its pod, and fol-low \OT1/cmtt/m/n/10.95 rs.status()
 []


Overfull \hbox (24.0611pt too wide) in paragraph at lines 707--708
[]\OT1/cmr/bx/n/10.95 Procedure: \OT1/cmr/m/n/10.95 with a client con-nected, r
un \OT1/cmtt/m/n/10.95 kubectl rollout restart deployment/api
 []

[36] [37]
Overfull \hbox (35.24588pt too wide) in paragraph at lines 756--757
\OT1/cmr/m/n/10.95 The \OT1/cmtt/m/n/10.95 ingress \OT1/cmr/m/n/10.95 ad-don de
-ploys an Ng-inx Ingress Con-troller in-side the clus-ter. The \OT1/cmtt/m/n/10
.95 metrics-server
 []

[38]
Overfull \hbox (19.20287pt too wide) in paragraph at lines 802--803
\OT1/cmr/bx/n/10.95 Expected out-come: \OT1/cmr/m/n/10.95 two im-ages (\OT1/cmt
t/m/n/10.95 api:latest\OT1/cmr/m/n/10.95 , \OT1/cmtt/m/n/10.95 web:latest\OT1/c
mr/m/n/10.95 ) are avail-able in-side Minikube's
 []


Overfull \hbox (9.25624pt too wide) in paragraph at lines 822--824
[]\OT1/cmr/bx/n/10.95 Expected out-come: \OT1/cmr/m/n/10.95 the three \OT1/cmtt
/m/n/10.95 mongo \OT1/cmr/m/n/10.95 pods start in or-der (\OT1/cmtt/m/n/10.95 m
ongo-0\OT1/cmr/m/n/10.95 , \OT1/cmtt/m/n/10.95 mongo-1\OT1/cmr/m/n/10.95 , \OT1
/cmtt/m/n/10.95 mongo-2\OT1/cmr/m/n/10.95 );
 []

[39]
Overfull \hbox (68.68295pt too wide) in paragraph at lines 843--844
\OT1/cmtt/m/n/10.95 --namespace app --from-literal=JWT[]SECRET=\TS1/cmtt/m/n/10
.95 $\OT1/cmtt/m/n/10.95 (openssl rand -base64 48) --dry-run=client
 []

[40]
Overfull \hbox (87.08466pt too wide) in paragraph at lines 895--896
[]\OT1/cmr/m/n/10.95 Opening \OT1/cmtt/m/n/10.95 http://board.local \OT1/cmr/m/
n/10.95 in a browser should dis-play the lo-gin screen (\OT1/cmtt/m/n/10.95 htt
p://board.local:18080
 []

[41]
LaTeX Font Info:    Trying to load font information for OML+cmr on input line 9
16.
 (/usr/local/texlive/2026/texmf-dist/tex/latex/base/omlcmr.fd
File: omlcmr.fd 2024/11/19 v2.5n Standard LaTeX font definitions
)
LaTeX Font Info:    Font shape `OML/cmr/m/n' in size <10.95> not available
(Font)              Font shape `OML/cmm/m/it' tried instead on input line 916.
 [42]
[43] [44]
Overfull \hbox (33.21954pt too wide) in paragraph at lines 1001--1006
\OT1/cmr/m/n/10.95 would need to rec-on-cile the op-ti-mistic client-side move 
with the same claim/release/resolve
 []

[45] [46] (./distributed-systems-final-report.aux)
 ***********
LaTeX2e <2025-11-01>
L3 programming layer <2026-01-19>
 ***********


LaTeX Font Warning: Some font shapes were not available, defaults substituted.

 ) 
Here is how much of TeX's memory you used:
 14380 strings out of 467525
 267554 string characters out of 5418982
 810224 words of memory out of 5000000
 42999 multiletter control sequences out of 15000+600000
 636046 words of font info for 67 fonts, out of 8000000 for 9000
 1141 hyphenation exceptions out of 8191
 108i,7n,107p,11262b,631s stack positions out of 10000i,1000n,20000p,200000b,200000s
</usr/local/texlive/2026/texmf-dist/fonts/type1/public/amsfonts/cm/cmbx10.pfb
></usr/local/texlive/2026/texmf-dist/fonts/type1/public/amsfonts/cm/cmitt10.pfb
></usr/local/texlive/2026/texmf-dist/fonts/type1/public/amsfonts/cm/cmmi10.pfb>
</usr/local/texlive/2026/texmf-dist/fonts/type1/public/amsfonts/cm/cmr10.pfb></
usr/local/texlive/2026/texmf-dist/fonts/type1/public/amsfonts/cm/cmr12.pfb></us
r/local/texlive/2026/texmf-dist/fonts/type1/public/amsfonts/cm/cmssbx10.pfb></u
sr/local/texlive/2026/texmf-dist/fonts/type1/public/amsfonts/cm/cmsy10.pfb></us
r/local/texlive/2026/texmf-dist/fonts/type1/public/amsfonts/cm/cmti10.pfb></usr
/local/texlive/2026/texmf-dist/fonts/type1/public/amsfonts/cm/cmtt10.pfb></usr/
local/texlive/2026/texmf-dist/fonts/type1/public/amsfonts/cm/cmtt12.pfb></usr/l
ocal/texlive/2026/texmf-dist/fonts/type1/public/lm/lmmi7.pfb></usr/local/texliv
e/2026/texmf-dist/fonts/type1/public/lm/lmss8.pfb></usr/local/texlive/2026/texm
f-dist/fonts/type1/public/lm/lmss9.pfb></usr/local/texlive/2026/texmf-dist/font
s/type1/public/lm/lmssbx10.pfb></usr/local/texlive/2026/texmf-dist/fonts/type1/
public/lm/lmsso8.pfb></usr/local/texlive/2026/texmf-dist/fonts/type1/public/lm/
lmsy10.pfb></usr/local/texlive/2026/texmf-dist/fonts/type1/public/lm/lmsy7.pfb>
</usr/local/texlive/2026/texmf-dist/fonts/type1/public/lm/lmtk10.pfb></usr/loca
l/texlive/2026/texmf-dist/fonts/type1/public/lm/lmtt8.pfb></usr/local/texlive/2
026/texmf-dist/fonts/type1/public/lm/lmtti10.pfb></usr/local/texlive/2026/texmf
-dist/fonts/type1/public/cm-super/sfrm1095.pfb></usr/local/texlive/2026/texmf-d
ist/fonts/type1/public/cm-super/sftt1095.pfb>
Output written on distributed-systems-final-report.pdf (46 pages, 513221 bytes)
.
PDF statistics:
 859 PDF objects out of 1000 (max. 8388607)
 731 compressed objects within 8 object streams
 185 named destinations out of 1000 (max. 500000)
 627 words of extra memory for PDF output out of 10000 (max. 10000000)

